------------------------------------------------------------
Timing Analyzer Summary
------------------------------------------------------------

Type  : Slow 1100mV 85C Model Setup 'clk'
Slack : -5.259
TNS   : -322.938

Type  : Slow 1100mV 85C Model Hold 'clk'
Slack : 0.495
TNS   : 0.000

Type  : Slow 1100mV 85C Model Minimum Pulse Width 'clk'
Slack : -0.724
TNS   : -75.788

Type  : Slow 1100mV 0C Model Setup 'clk'
Slack : -5.078
TNS   : -309.666

Type  : Slow 1100mV 0C Model Hold 'clk'
Slack : 0.523
TNS   : 0.000

Type  : Slow 1100mV 0C Model Minimum Pulse Width 'clk'
Slack : -0.724
TNS   : -75.682

Type  : Fast 1100mV 85C Model Setup 'clk'
Slack : -1.569
TNS   : -88.810

Type  : Fast 1100mV 85C Model Hold 'clk'
Slack : 0.183
TNS   : 0.000

Type  : Fast 1100mV 85C Model Minimum Pulse Width 'clk'
Slack : -0.089
TNS   : -5.903

Type  : Fast 1100mV 0C Model Setup 'clk'
Slack : -1.348
TNS   : -75.691

Type  : Fast 1100mV 0C Model Hold 'clk'
Slack : 0.173
TNS   : 0.000

Type  : Fast 1100mV 0C Model Minimum Pulse Width 'clk'
Slack : -0.090
TNS   : -5.965

------------------------------------------------------------
